Microchip MPLAB XC8 Compiler V1.38 ()

Linker command line:

--edf=/Applications/microchip/xc8/v1.38/dat/en_msgs.txt -cs \
  -h+dist/default/production/Pic12F.production.sym \
  --cmf=dist/default/production/Pic12F.production.cmf -z -Q12F1822 \
  -o/tmp/xcRDJdGWR -Mdist/default/production/Pic12F.production.map -E1 \
  -ver=XC8 -ASTACK=0203Bh-0206fh -pstack=STACK -ACODE=00h-07FFh \
  -ASTRCODE=00h-07FFh -ASTRING=00h-0FFhx8 -ACONST=00h-0FFhx8 \
  -AENTRY=00h-0FFhx8 -ACOMMON=070h-07Fh -ABANK0=020h-06Fh -ABANK1=0A0h-0BFh \
  -ABIGRAM=02000h-0206Fh -ARAM=020h-06Fh,0A0h-0BFh \
  -AABS1=020h-07Fh,0A0h-0BFh -ASFR0=00h-01Fh -ASFR1=080h-09Fh \
  -ASFR2=0100h-016Fh -ASFR3=0180h-01EFh -ASFR4=0200h-026Fh \
  -ASFR5=0280h-02EFh -ASFR6=0300h-036Fh -ASFR7=0380h-03EFh \
  -ASFR8=0400h-046Fh -ASFR9=0480h-04EFh -ASFR10=0500h-056Fh \
  -ASFR11=0580h-05EFh -ASFR12=0600h-066Fh -ASFR13=0680h-06EFh \
  -ASFR14=0700h-076Fh -ASFR15=0780h-07EFh -ASFR16=0800h-086Fh \
  -ASFR17=0880h-08EFh -ASFR18=0900h-096Fh -ASFR19=0980h-09EFh \
  -ASFR20=0A00h-0A6Fh -ASFR21=0A80h-0AEFh -ASFR22=0B00h-0B6Fh \
  -ASFR23=0B80h-0BEFh -ASFR24=0C00h-0C6Fh -ASFR25=0C80h-0CEFh \
  -ASFR26=0D00h-0D6Fh -ASFR27=0D80h-0DEFh -ASFR28=0E00h-0E6Fh \
  -ASFR29=0E80h-0EEFh -ASFR30=0F00h-0F6Fh -ASFR31=0F80h-0FEFh \
  -preset_vec=00h,intentry=04h,init,end_init -ppowerup=CODE -pcinit=CODE \
  -pfunctab=CODE -ACONFIG=08007h-08008h -pconfig=CONFIG -DCONFIG=2 \
  -AIDLOC=08000h-08003h -pidloc=IDLOC -DIDLOC=2 -AEEDATA=00h-0FFh/0F000h \
  -peeprom_data=EEDATA -DEEDATA=2 -DCODE=2 -DSTRCODE=2 -DSTRING=2 -DCONST=2 \
  -DENTRY=2 -k /tmp/xcGbz1rTc.obj \
  dist/default/production/Pic12F.production.obj 

Object code version is 3.11

Machine type is 12F1822



                Name                               Link     Load   Length Selector   Space Scale
/tmp/xcGbz1rTc.obj
                end_init                             49       49        1        8       0
                reset_vec                             0        0        1        0       0
                config                             8007     8007        2    1000E       0
dist/default/production/Pic12F.production.obj
                cinit                                4A       4A        9        8       0
                intentry                              4        4       45        8       0
                text22                              2C2      2C2       31        8       0
                text21                              33F      33F       1B        8       0
                text20                              2F3      2F3       2F        8       0
                text19                              1E3      1E3       44        8       0
                text18                              3D7      3D7        8      784       0
                text17                               EF       EF       90        8       0
                text16                              370      370       15        8       0
                text15                              35A      35A       16        8       0
                text13                              3A6      3A6        F        8       0
                text12                              3CF      3CF        8      784       0
                text11                              25F      25F       32        8       0
                text10                              291      291       31        8       0
                text9                               3EC      3EC        6      784       0
                text8                                53       53       9C        8       0
                text7                               3DF      3DF        7      784       0
                text6                               322      322       1D        8       0
                text5                               397      397        F        8       0
                text4                               227      227       38        8       0
                text3                               3F2      3F2        3      784       0
                text2                               385      385       12        8       0
                text1                               3C2      3C2        D      784       0
                maintext                            17F      17F       64        8       0
                cstackBANK0                          3E       3E       1D       20       1
                cstackCOMMON                         70       70        E       70       1
                clrtext                             3E6      3E6        6      784       0
                bssBANK0                             20       20       1E       20       1
                stringtext                          3B5      3B5        D      76A       0

TOTAL           Name                               Link     Load   Length     Space
        CLASS   STACK          

        CLASS   CODE           
                end_init                             49       49        1         0
                cinit                                4A       4A        9         0
                intentry                              4        4       45         0
                reset_vec                             0        0        1         0
                text22                              2C2      2C2       31         0
                text21                              33F      33F       1B         0
                text20                              2F3      2F3       2F         0
                text19                              1E3      1E3       44         0
                text18                              3D7      3D7        8         0
                text17                               EF       EF       90         0
                text16                              370      370       15         0
                text15                              35A      35A       16         0
                text13                              3A6      3A6        F         0
                text12                              3CF      3CF        8         0
                text11                              25F      25F       32         0
                text10                              291      291       31         0
                text9                               3EC      3EC        6         0
                text8                                53       53       9C         0
                text7                               3DF      3DF        7         0
                text6                               322      322       1D         0
                text5                               397      397        F         0
                text4                               227      227       38         0
                text3                               3F2      3F2        3         0
                text2                               385      385       12         0
                text1                               3C2      3C2        D         0
                maintext                            17F      17F       64         0
                clrtext                             3E6      3E6        6         0

        CLASS   STRCODE        
                stringtext                          3B5      3B5        D         0

        CLASS   STRING         

        CLASS   CONST          

        CLASS   ENTRY          

        CLASS   COMMON         
                cstackCOMMON                         70       70        E         1

        CLASS   BANK0          
                cstackBANK0                          3E       3E       1D         1
                bssBANK0                             20       20       1E         1

        CLASS   BANK1          

        CLASS   BIGRAM         

        CLASS   RAM            

        CLASS   ABS1           
                abs_s1                               7E       7E        2         1

        CLASS   SFR0           

        CLASS   SFR1           

        CLASS   SFR2           

        CLASS   SFR3           

        CLASS   SFR4           

        CLASS   SFR5           

        CLASS   SFR6           

        CLASS   SFR7           

        CLASS   SFR8           

        CLASS   SFR9           

        CLASS   SFR10          

        CLASS   SFR11          

        CLASS   SFR12          

        CLASS   SFR13          

        CLASS   SFR14          

        CLASS   SFR15          

        CLASS   SFR16          

        CLASS   SFR17          

        CLASS   SFR18          

        CLASS   SFR19          

        CLASS   SFR20          

        CLASS   SFR21          

        CLASS   SFR22          

        CLASS   SFR23          

        CLASS   SFR24          

        CLASS   SFR25          

        CLASS   SFR26          

        CLASS   SFR27          

        CLASS   SFR28          

        CLASS   SFR29          

        CLASS   SFR30          

        CLASS   SFR31          

        CLASS   CONFIG         
                config                             8007     8007        2         0

        CLASS   IDLOC          

        CLASS   EEDATA         

        CLASS   BANK31         

        CLASS   BANK30         

        CLASS   BANK29         

        CLASS   BANK28         

        CLASS   BANK27         

        CLASS   BANK26         

        CLASS   BANK25         

        CLASS   BANK24         

        CLASS   BANK23         

        CLASS   BANK22         

        CLASS   BANK21         

        CLASS   BANK20         

        CLASS   BANK19         

        CLASS   BANK18         

        CLASS   BANK17         

        CLASS   BANK16         

        CLASS   BANK15         

        CLASS   BANK14         

        CLASS   BANK13         

        CLASS   BANK12         

        CLASS   BANK11         

        CLASS   BANK10         

        CLASS   BANK9          

        CLASS   BANK8          

        CLASS   BANK7          

        CLASS   BANK6          

        CLASS   BANK5          

        CLASS   BANK4          

        CLASS   BANK3          

        CLASS   BANK2          



SEGMENTS        Name                           Load    Length   Top    Selector   Space  Class     Delta

                reset_vec                      000000  000001  000001         0       0  CODE        2
                intentry                       000004  0003B1  0003B5         8       0  CODE        2
                bssBANK0                       000020  00003B  00005B        20       1  BANK0       1
                cstackCOMMON                   000070  00000E  00007E        70       1  COMMON      1
                stringtext                     0003B5  00000D  0003C2       76A       0  STRCODE     2
                text1                          0003C2  000033  0003F5       784       0  CODE        2
                config                         008007  000002  008009     1000E       0  CONFIG      2


UNUSED ADDRESS RANGES

        Name                Unused          Largest block    Delta
        BANK0            0005B-0006F              15           1
        BANK1            000A0-000BF              20           1
        BIGRAM           02000-0206F              70           1
        CODE             00001-00003               3           2
                         003F5-007FF             40B
        CONST            00001-00003               3           2
                         003F5-007FF             100
        EEDATA           0F000-0F0FF             100           2
        ENTRY            00001-00003               3           2
                         003F5-007FF             100
        IDLOC            08000-08003               4           2
        RAM              0005B-0006F              15           1
                         000A0-000BF              20
        SFR0             00000-0001F              20           1
        SFR1             00080-0009F              20           1
        SFR10            00500-0056F              70           1
        SFR11            00580-005EF              70           1
        SFR12            00600-0066F              70           1
        SFR13            00680-006EF              70           1
        SFR14            00700-0076F              70           1
        SFR15            00780-007EF              70           1
        SFR16            00800-0086F              70           1
        SFR17            00880-008EF              70           1
        SFR18            00900-0096F              70           1
        SFR19            00980-009EF              70           1
        SFR2             00100-0016F              70           1
        SFR20            00A00-00A6F              70           1
        SFR21            00A80-00AEF              70           1
        SFR22            00B00-00B6F              70           1
        SFR23            00B80-00BEF              70           1
        SFR24            00C00-00C6F              70           1
        SFR25            00C80-00CEF              70           1
        SFR26            00D00-00D6F              70           1
        SFR27            00D80-00DEF              70           1
        SFR28            00E00-00E6F              70           1
        SFR29            00E80-00EEF              70           1
        SFR3             00180-001EF              70           1
        SFR30            00F00-00F6F              70           1
        SFR31            00F80-00FEF              70           1
        SFR4             00200-0026F              70           1
        SFR5             00280-002EF              70           1
        SFR6             00300-0036F              70           1
        SFR7             00380-003EF              70           1
        SFR8             00400-0046F              70           1
        SFR9             00480-004EF              70           1
        STACK            0203B-0206F              35           1
        STRCODE          00001-00003               3           2
                         003F5-007FF             40B
        STRING           00001-00003               3           2
                         003F5-007FF             100

                                  Symbol Table

?_Hdw_AdcReadAnaValue             cstackBANK0  00045
?___wmul                          cstackCOMMON 00070
?_pGetVafConf                     cstackCOMMON 00076
BioNetProcess@eBioNetStatusRx     cstackBANK0  0004C
BioNetRxInt@u8CharBuf             cstackBANK0  00042
BioNetRxInt@u8TxFrameSize         cstackBANK0  00041
CalculChecksumAndSend@index       cstackBANK0  00048
CalculChecksumAndSend@u8Check     cstackBANK0  00046
CalculChecksumAndSend@u8SizeFrame cstackBANK0  00047
Hdw_AdcReadAnaValue@temp          cstackBANK0  00049
Hdw_AdcStartReadChannel@Channel   cstackBANK0  00046
IsOKChecksum@index                cstackCOMMON 00074
IsOKChecksum@u8Check              cstackCOMMON 00072
IsOKChecksum@u8CheckCpl           cstackCOMMON 00071
IsOKChecksum@u8SizeFrame          cstackCOMMON 00073
IsOKVarIsForUs@IsManagedByOurself cstackCOMMON 00079
IsOKVarIsForUs@VarIdx             cstackCOMMON 0007A
IsOKVarIsForUs@VarRef             cstackCOMMON 00078
IsOk_CallBackRead@Result          cstackBANK0  00047
IsOk_CallBackRead@pu8Buffer       cstackBANK0  00045
IsOk_CallBackRead@u8VarRef        cstackBANK0  00048
IsOk_CallBackWrite@Result         cstackBANK0  00046
IsOk_CallBackWrite@pu8Buffer      cstackBANK0  00045
_ADCON0                           (abs)        0009D
_ADCON1                           (abs)        0009E
_ADGO                             (abs)        004E9
_ADON                             (abs)        004E8
_ADRESH                           (abs)        0009C
_ADRESL                           (abs)        0009B
_ANSA0                            (abs)        00C60
_ANSA1                            (abs)        00C61
_ANSA2                            (abs)        00C62
_BRG16                            (abs)        00CFB
_BRGH                             (abs)        00CF2
_BioNetInit                       text13       003A6
_BioNetProcess                    text8        00053
_BioNetRazFlag                    text12       003CF
_BioNetRxInt                      text17       000EF
_BioNetTxInt                      text16       00370
_CREN                             (abs)        00CEC
_CalculChecksumAndSend            text11       0025F
_DC22_AnaProcess                  text4        00227
_DC24HdwInit                      text3        003F2
_DC24It10ms                       text15       0035A
_HdwUartInit                      text2        00385
_Hdw_AdcInit                      text1        003C2
_Hdw_AdcIsOkReadAna               text7        003DF
_Hdw_AdcReadAnaValue              text6        00322
_Hdw_AdcStartReadChannel          text5        00397
_INTCON                           (abs)        0000B
_IsOKChecksum                     text22       002C2
_IsOKVarIsForUs                   text20       002F3
_IsOk_CallBackRead                text10       00291
_IsOk_CallBackWrite               text9        003EC
_OERR                             (abs)        00CE9
_OSCCON                           (abs)        00099
_PORTA                            (abs)        0000C
_PS0                              (abs)        004A8
_PS1                              (abs)        004A9
_PS2                              (abs)        004AA
_PSA                              (abs)        004AB
_RCIE                             (abs)        0048D
_RCIF                             (abs)        0008D
_RCREG                            (abs)        00199
_RXDTSEL                          (abs)        008EF
_SPBRGH                           (abs)        0019C
_SPBRGL                           (abs)        0019B
_SPEN                             (abs)        00CEF
_SYNC                             (abs)        00CF4
_TMR0CS                           (abs)        004AD
_TMR0IE                           (abs)        0005D
_TMR0IF                           (abs)        0005A
_TRISA0                           (abs)        00460
_TRISA2                           (abs)        00462
_TXCKSEL                          (abs)        008EA
_TXEN                             (abs)        00CF5
_TXIE                             (abs)        0048C
_TXIF                             (abs)        0008C
_TXREG                            (abs)        0019A
_Tempo500ms                       bssBANK0     00026
__CFG_BOREN$ON                    (abs)        00000
__CFG_BORV$LO                     (abs)        00000
__CFG_CLKOUTEN$OFF                (abs)        00000
__CFG_CP$OFF                      (abs)        00000
__CFG_CPD$OFF                     (abs)        00000
__CFG_FCMEN$OFF                   (abs)        00000
__CFG_FOSC$INTOSC                 (abs)        00000
__CFG_IESO$OFF                    (abs)        00000
__CFG_LVP$OFF                     (abs)        00000
__CFG_MCLRE$OFF                   (abs)        00000
__CFG_PLLEN$ON                    (abs)        00000
__CFG_PWRTE$OFF                   (abs)        00000
__CFG_STVREN$ON                   (abs)        00000
__CFG_WDTE$OFF                    (abs)        00000
__CFG_WRT$OFF                     (abs)        00000
__Habs1                           abs1         00000
__Hbank0                          bank0        00000
__Hbank1                          bank1        00000
__Hbank10                         bank10       00000
__Hbank11                         bank11       00000
__Hbank12                         bank12       00000
__Hbank13                         bank13       00000
__Hbank14                         bank14       00000
__Hbank15                         bank15       00000
__Hbank16                         bank16       00000
__Hbank17                         bank17       00000
__Hbank18                         bank18       00000
__Hbank19                         bank19       00000
__Hbank2                          bank2        00000
__Hbank20                         bank20       00000
__Hbank21                         bank21       00000
__Hbank22                         bank22       00000
__Hbank23                         bank23       00000
__Hbank24                         bank24       00000
__Hbank25                         bank25       00000
__Hbank26                         bank26       00000
__Hbank27                         bank27       00000
__Hbank28                         bank28       00000
__Hbank29                         bank29       00000
__Hbank3                          bank3        00000
__Hbank30                         bank30       00000
__Hbank31                         bank31       00000
__Hbank4                          bank4        00000
__Hbank5                          bank5        00000
__Hbank6                          bank6        00000
__Hbank7                          bank7        00000
__Hbank8                          bank8        00000
__Hbank9                          bank9        00000
__Hbigram                         bigram       00000
__HbssBANK0                       bssBANK0     00000
__Hcinit                          cinit        00053
__Hclrtext                        clrtext      00000
__Hcode                           code         00000
__Hcommon                         common       00000
__Hconfig                         config       08009
__HcstackBANK0                    cstackBANK0  00000
__HcstackCOMMON                   cstackCOMMON 00000
__Heeprom_data                    eeprom_data  00000
__Hend_init                       end_init     0004A
__Hfunctab                        functab      00000
__Hidloc                          idloc        00000
__Hinit                           init         00049
__Hintentry                       intentry     00049
__Hmaintext                       maintext     00000
__Hpowerup                        powerup      00000
__Hram                            ram          00000
__Hreset_vec                      reset_vec    00001
__Hsfr0                           sfr0         00000
__Hsfr1                           sfr1         00000
__Hsfr10                          sfr10        00000
__Hsfr11                          sfr11        00000
__Hsfr12                          sfr12        00000
__Hsfr13                          sfr13        00000
__Hsfr14                          sfr14        00000
__Hsfr15                          sfr15        00000
__Hsfr16                          sfr16        00000
__Hsfr17                          sfr17        00000
__Hsfr18                          sfr18        00000
__Hsfr19                          sfr19        00000
__Hsfr2                           sfr2         00000
__Hsfr20                          sfr20        00000
__Hsfr21                          sfr21        00000
__Hsfr22                          sfr22        00000
__Hsfr23                          sfr23        00000
__Hsfr24                          sfr24        00000
__Hsfr25                          sfr25        00000
__Hsfr26                          sfr26        00000
__Hsfr27                          sfr27        00000
__Hsfr28                          sfr28        00000
__Hsfr29                          sfr29        00000
__Hsfr3                           sfr3         00000
__Hsfr30                          sfr30        00000
__Hsfr31                          sfr31        00000
__Hsfr4                           sfr4         00000
__Hsfr5                           sfr5         00000
__Hsfr6                           sfr6         00000
__Hsfr7                           sfr7         00000
__Hsfr8                           sfr8         00000
__Hsfr9                           sfr9         00000
__Hspace_0                        (abs)        08009
__Hspace_1                        (abs)        0007E
__Hspace_2                        (abs)        00000
__Hspace_3                        (abs)        00000
__Hstack                          stack        00000
__Hstrings                        strings      00000
__Hstringtext                     stringtext   00000
__Htext                           text         00000
__Labs1                           abs1         00000
__Lbank0                          bank0        00000
__Lbank1                          bank1        00000
__Lbank10                         bank10       00000
__Lbank11                         bank11       00000
__Lbank12                         bank12       00000
__Lbank13                         bank13       00000
__Lbank14                         bank14       00000
__Lbank15                         bank15       00000
__Lbank16                         bank16       00000
__Lbank17                         bank17       00000
__Lbank18                         bank18       00000
__Lbank19                         bank19       00000
__Lbank2                          bank2        00000
__Lbank20                         bank20       00000
__Lbank21                         bank21       00000
__Lbank22                         bank22       00000
__Lbank23                         bank23       00000
__Lbank24                         bank24       00000
__Lbank25                         bank25       00000
__Lbank26                         bank26       00000
__Lbank27                         bank27       00000
__Lbank28                         bank28       00000
__Lbank29                         bank29       00000
__Lbank3                          bank3        00000
__Lbank30                         bank30       00000
__Lbank31                         bank31       00000
__Lbank4                          bank4        00000
__Lbank5                          bank5        00000
__Lbank6                          bank6        00000
__Lbank7                          bank7        00000
__Lbank8                          bank8        00000
__Lbank9                          bank9        00000
__Lbigram                         bigram       00000
__LbssBANK0                       bssBANK0     00000
__Lcinit                          cinit        0004A
__Lclrtext                        clrtext      00000
__Lcode                           code         00000
__Lcommon                         common       00000
__Lconfig                         config       08007
__LcstackBANK0                    cstackBANK0  00000
__LcstackCOMMON                   cstackCOMMON 00000
__Leeprom_data                    eeprom_data  00000
__Lend_init                       end_init     00049
__Lfunctab                        functab      00000
__Lidloc                          idloc        00000
__Linit                           init         00049
__Lintentry                       intentry     00004
__Lmaintext                       maintext     00000
__Lpowerup                        powerup      00000
__Lram                            ram          00000
__Lreset_vec                      reset_vec    00000
__Lsfr0                           sfr0         00000
__Lsfr1                           sfr1         00000
__Lsfr10                          sfr10        00000
__Lsfr11                          sfr11        00000
__Lsfr12                          sfr12        00000
__Lsfr13                          sfr13        00000
__Lsfr14                          sfr14        00000
__Lsfr15                          sfr15        00000
__Lsfr16                          sfr16        00000
__Lsfr17                          sfr17        00000
__Lsfr18                          sfr18        00000
__Lsfr19                          sfr19        00000
__Lsfr2                           sfr2         00000
__Lsfr20                          sfr20        00000
__Lsfr21                          sfr21        00000
__Lsfr22                          sfr22        00000
__Lsfr23                          sfr23        00000
__Lsfr24                          sfr24        00000
__Lsfr25                          sfr25        00000
__Lsfr26                          sfr26        00000
__Lsfr27                          sfr27        00000
__Lsfr28                          sfr28        00000
__Lsfr29                          sfr29        00000
__Lsfr3                           sfr3         00000
__Lsfr30                          sfr30        00000
__Lsfr31                          sfr31        00000
__Lsfr4                           sfr4         00000
__Lsfr5                           sfr5         00000
__Lsfr6                           sfr6         00000
__Lsfr7                           sfr7         00000
__Lsfr8                           sfr8         00000
__Lsfr9                           sfr9         00000
__Lspace_0                        (abs)        00000
__Lspace_1                        (abs)        00000
__Lspace_2                        (abs)        00000
__Lspace_3                        (abs)        00000
__Lstack                          stack        00000
__Lstrings                        strings      00000
__Lstringtext                     stringtext   00000
__Ltext                           text         00000
__S0                              (abs)        08009
__S1                              (abs)        0007E
__S2                              (abs)        00000
__S3                              (abs)        00000
___int_sp                         stack        00000
___latbits                        (abs)        00000
___sp                             stack        00000
___wmul                           text21       0033F
___wmul@multiplicand              cstackCOMMON 00072
___wmul@multiplier                cstackCOMMON 00070
___wmul@product                   cstackCOMMON 00074
__end_of_BioNetInit               text13       003B5
__end_of_BioNetProcess            text8        000EF
__end_of_BioNetRazFlag            text12       003D7
__end_of_BioNetRxInt              text17       0017F
__end_of_BioNetTxInt              text16       00385
__end_of_CalculChecksumAndSend    text11       00291
__end_of_DC22_AnaProcess          text4        0025F
__end_of_DC24HdwInit              text3        003F5
__end_of_DC24It10ms               text15       00370
__end_of_HdwUartInit              text2        00397
__end_of_Hdw_AdcInit              text1        003CF
__end_of_Hdw_AdcIsOkReadAna       text7        003E6
__end_of_Hdw_AdcReadAnaValue      text6        0033F
__end_of_Hdw_AdcStartReadChannel  text5        003A6
__end_of_IsOKChecksum             text22       002F3
__end_of_IsOKVarIsForUs           text20       00322
__end_of_IsOk_CallBackRead        text10       002C2
__end_of_IsOk_CallBackWrite       text9        003F2
__end_of___wmul                   text21       0035A
__end_of__initialization          cinit        00050
__end_of_isr                      intentry     00049
__end_of_main                     maintext     001E3
__end_of_pGetVafConf              text19       00227
__end_of_sBioNetConf              stringtext   003C2
__end_ofi1_BioNetRazFlag          text18       003DF
__initialization                  cinit        0004A
__pbssBANK0                       bssBANK0     00020
__pcstackBANK0                    cstackBANK0  0003E
__pcstackCOMMON                   cstackCOMMON 00070
__pintentry                       intentry     00004
__pmaintext                       maintext     0017F
__pstringtext                     stringtext   003B5
__ptext1                          text1        003C2
__ptext10                         text10       00291
__ptext11                         text11       0025F
__ptext12                         text12       003CF
__ptext13                         text13       003A6
__ptext15                         text15       0035A
__ptext16                         text16       00370
__ptext17                         text17       000EF
__ptext18                         text18       003D7
__ptext19                         text19       001E3
__ptext2                          text2        00385
__ptext20                         text20       002F3
__ptext21                         text21       0033F
__ptext22                         text22       002C2
__ptext3                          text3        003F2
__ptext4                          text4        00227
__ptext5                          text5        00397
__ptext6                          text6        00322
__ptext7                          text7        003DF
__ptext8                          text8        00053
__ptext9                          text9        003EC
__size_of_BioNetInit              (abs)        00000
__size_of_BioNetProcess           (abs)        00000
__size_of_BioNetRazFlag           (abs)        00000
__size_of_BioNetRxInt             (abs)        00000
__size_of_BioNetTxInt             (abs)        00000
__size_of_CalculChecksumAndSend   (abs)        00000
__size_of_DC22_AnaProcess         (abs)        00000
__size_of_DC24HdwInit             (abs)        00000
__size_of_DC24It10ms              (abs)        00000
__size_of_HdwUartInit             (abs)        00000
__size_of_Hdw_AdcInit             (abs)        00000
__size_of_Hdw_AdcIsOkReadAna      (abs)        00000
__size_of_Hdw_AdcReadAnaValue     (abs)        00000
__size_of_Hdw_AdcStartReadChannel (abs)        00000
__size_of_IsOKChecksum            (abs)        00000
__size_of_IsOKVarIsForUs          (abs)        00000
__size_of_IsOk_CallBackRead       (abs)        00000
__size_of_IsOk_CallBackWrite      (abs)        00000
__size_of___wmul                  (abs)        00000
__size_of_isr                     (abs)        00000
__size_of_main                    (abs)        00000
__size_of_pGetVafConf             (abs)        00000
__size_ofi1_BioNetRazFlag         (abs)        00000
_bIsWriteFrame                    bssBANK0     00027
_bNetworkCommand                  bssBANK0     00028
_bNetworkCommandOK                bssBANK0     00029
_bNetworkReadOK                   bssBANK0     0002A
_bNetworkWriteOK                  bssBANK0     0002B
_bPedalageLevelPrev               bssBANK0     0002C
_bRPMLevelPrev                    bssBANK0     0002D
_bRazFlagAllowed                  bssBANK0     0002E
_eBioNetStatus                    bssBANK0     0002F
_eDC22_AnaState                   bssBANK0     00030
_isr                              intentry     00004
_main                             maintext     0017F
_pGetVafConf                      text19       001E3
_pVarConfDes                      bssBANK0     00020
_sBioNetConf                      stringtext   003B5
_tu8BioNetBuff                    bssBANK0     0003A
_u16CourantBatt                   bssBANK0     00022
_u16TensionBatterie               bssBANK0     00024
_u8IndexRx                        bssBANK0     00031
_u8IndexTx                        bssBANK0     00032
_u8Pedalage                       bssBANK0     00033
_u8PedalageCpt                    bssBANK0     00034
_u8Prescaler10ms                  bssBANK0     00035
_u8RPM                            bssBANK0     00036
_u8RPMCpt                         bssBANK0     00037
_u8RxNoDelay                      bssBANK0     00038
_u8TxFrameSize                    bssBANK0     00039
btemp                             (abs)        0007E
clear_ram0                        clrtext      003E6
end_of_initialization             cinit        00050
i1_BioNetRazFlag                  text18       003D7
int$flags                         (abs)        0007E
intlevel0                         functab      00000
intlevel1                         functab      00000
intlevel2                         functab      00000
intlevel3                         functab      00000
intlevel4                         functab      00000
intlevel5                         functab      00000
ltemp                             (abs)        0007E
ltemp0                            (abs)        0007E
ltemp1                            (abs)        00082
ltemp2                            (abs)        00086
ltemp3                            (abs)        00080
main@ValPort                      cstackBANK0  0005A
main@u16Compteur                  cstackBANK0  00056
main@u16CompteurDiv1000           cstackBANK0  00058
main@u16TimerBas                  cstackBANK0  00052
main@u16TimerHaut                 cstackBANK0  00054
pGetVafConf@VarRef                cstackCOMMON 0007C
pGetVafConf@idx                   cstackCOMMON 0007D
reset_vec                         reset_vec    00000
stackhi                           (abs)        0206F
stacklo                           (abs)        0203B
start                             init         00049
start_initialization              cinit        0004A
ttemp                             (abs)        0007E
ttemp0                            (abs)        0007E
ttemp1                            (abs)        00081
ttemp2                            (abs)        00084
ttemp3                            (abs)        00087
ttemp4                            (abs)        0007F
wtemp                             (abs)        0007E
wtemp0                            (abs)        0007E
wtemp1                            (abs)        00080
wtemp2                            (abs)        00082
wtemp3                            (abs)        00084
wtemp4                            (abs)        00086
wtemp5                            (abs)        00088
wtemp6                            (abs)        0007F


FUNCTION INFORMATION:

 *************** function _main *****************
 Defined at:
		line 110 in file "DC22M_main.c"
 Parameters:    Size  Location     Type
  argc            2   15[BANK0 ] int 
  argv            2   17[BANK0 ] PTR PTR unsigned char 
 Auto vars:     Size  Location     Type
  u16CompteurD    2   26[BANK0 ] unsigned int 
  u16Compteur     2   24[BANK0 ] unsigned int 
  u16TimerHaut    2   22[BANK0 ] unsigned int 
  u16TimerBas     2   20[BANK0 ] unsigned int 
  ValPort         1   28[BANK0 ] unsigned char 
 Return value:  Size  Location     Type
                  2   15[BANK0 ] int 
 Registers used:
		wreg, fsr0l, fsr0h, fsr1l, fsr1h, status,2, status,0, pclath, cstack
 Tracked objects:
		On entry : 
		On exit  : 
		Unchanged: 
 Data sizes:     COMMON   BANK0   BANK1
      Params:         0       4       0
      Locals:         0       9       0
      Temps:          0       1       0
      Totals:         0      14       0
Total ram usage:       14 bytes
 Hardware stack levels required when called:    6
 This function calls:
		_BioNetInit
		_BioNetProcess
		_DC22_AnaProcess
		_DC24HdwInit
		_HdwUartInit
		_Hdw_AdcInit
 This function is called by:
		Startup code after reset
 This function uses a non-reentrant model


 *************** function _Hdw_AdcInit *****************
 Defined at:
		line 12 in file "Hdw_Adc.c"
 Parameters:    Size  Location     Type
		None
 Auto vars:     Size  Location     Type
		None
 Return value:  Size  Location     Type
                  1    wreg      void 
 Registers used:
		wreg
 Tracked objects:
		On entry : 
		On exit  : 
		Unchanged: 
 Data sizes:     COMMON   BANK0   BANK1
      Params:         0       0       0
      Locals:         0       0       0
      Temps:          0       0       0
      Totals:         0       0       0
Total ram usage:        0 bytes
 Hardware stack levels used:    1
 Hardware stack levels required when called:    4
 This function calls:
		Nothing
 This function is called by:
		_main
 This function uses a non-reentrant model


 *************** function _HdwUartInit *****************
 Defined at:
		line 15 in file "Hdw_Uart.c"
 Parameters:    Size  Location     Type
		None
 Auto vars:     Size  Location     Type
		None
 Return value:  Size  Location     Type
                  1    wreg      void 
 Registers used:
		wreg
 Tracked objects:
		On entry : 
		On exit  : 
		Unchanged: 
 Data sizes:     COMMON   BANK0   BANK1
      Params:         0       0       0
      Locals:         0       0       0
      Temps:          0       0       0
      Totals:         0       0       0
Total ram usage:        0 bytes
 Hardware stack levels used:    1
 Hardware stack levels required when called:    4
 This function calls:
		Nothing
 This function is called by:
		_main
 This function uses a non-reentrant model


 *************** function _DC24HdwInit *****************
 Defined at:
		line 21 in file "DC22M_HdW.c"
 Parameters:    Size  Location     Type
		None
 Auto vars:     Size  Location     Type
		None
 Return value:  Size  Location     Type
                  1    wreg      void 
 Registers used:
		None
 Tracked objects:
		On entry : 
		On exit  : 
		Unchanged: 
 Data sizes:     COMMON   BANK0   BANK1
      Params:         0       0       0
      Locals:         0       0       0
      Temps:          0       0       0
      Totals:         0       0       0
Total ram usage:        0 bytes
 Hardware stack levels used:    1
 Hardware stack levels required when called:    4
 This function calls:
		Nothing
 This function is called by:
		_main
 This function uses a non-reentrant model


 *************** function _DC22_AnaProcess *****************
 Defined at:
		line 25 in file "DC22M_Ana.c"
 Parameters:    Size  Location     Type
		None
 Auto vars:     Size  Location     Type
		None
 Return value:  Size  Location     Type
                  1    wreg      void 
 Registers used:
		wreg, status,2, status,0, pclath, cstack
 Tracked objects:
		On entry : 
		On exit  : 
		Unchanged: 
 Data sizes:     COMMON   BANK0   BANK1
      Params:         0       0       0
      Locals:         0       0       0
      Temps:          0       1       0
      Totals:         0       1       0
Total ram usage:        1 bytes
 Hardware stack levels used:    1
 Hardware stack levels required when called:    5
 This function calls:
		_Hdw_AdcIsOkReadAna
		_Hdw_AdcReadAnaValue
		_Hdw_AdcStartReadChannel
 This function is called by:
		_main
 This function uses a non-reentrant model


 *************** function _Hdw_AdcStartReadChannel *****************
 Defined at:
		line 42 in file "Hdw_Adc.c"
 Parameters:    Size  Location     Type
  Channel         1    wreg     unsigned char 
 Auto vars:     Size  Location     Type
  Channel         1    8[BANK0 ] unsigned char 
 Return value:  Size  Location     Type
                  1    wreg      void 
 Registers used:
		wreg, status,2, status,0
 Tracked objects:
		On entry : 
		On exit  : 
		Unchanged: 
 Data sizes:     COMMON   BANK0   BANK1
      Params:         0       0       0
      Locals:         0       1       0
      Temps:          0       1       0
      Totals:         0       2       0
Total ram usage:        2 bytes
 Hardware stack levels used:    1
 Hardware stack levels required when called:    4
 This function calls:
		Nothing
 This function is called by:
		_DC22_AnaProcess
 This function uses a non-reentrant model


 *************** function _Hdw_AdcReadAnaValue *****************
 Defined at:
		line 73 in file "Hdw_Adc.c"
 Parameters:    Size  Location     Type
		None
 Auto vars:     Size  Location     Type
  temp            2   11[BANK0 ] unsigned int 
 Return value:  Size  Location     Type
                  2    7[BANK0 ] unsigned int 
 Registers used:
		wreg, status,2
 Tracked objects:
		On entry : 
		On exit  : 
		Unchanged: 
 Data sizes:     COMMON   BANK0   BANK1
      Params:         0       2       0
      Locals:         0       2       0
      Temps:          0       2       0
      Totals:         0       6       0
Total ram usage:        6 bytes
 Hardware stack levels used:    1
 Hardware stack levels required when called:    4
 This function calls:
		Nothing
 This function is called by:
		_DC22_AnaProcess
 This function uses a non-reentrant model


 *************** function _Hdw_AdcIsOkReadAna *****************
 Defined at:
		line 55 in file "Hdw_Adc.c"
 Parameters:    Size  Location     Type
		None
 Auto vars:     Size  Location     Type
		None
 Return value:  Size  Location     Type
                  1    wreg      unsigned char 
 Registers used:
		wreg
 Tracked objects:
		On entry : 
		On exit  : 
		Unchanged: 
 Data sizes:     COMMON   BANK0   BANK1
      Params:         0       0       0
      Locals:         0       0       0
      Temps:          0       0       0
      Totals:         0       0       0
Total ram usage:        0 bytes
 Hardware stack levels used:    1
 Hardware stack levels required when called:    4
 This function calls:
		Nothing
 This function is called by:
		_DC22_AnaProcess
 This function uses a non-reentrant model


 *************** function _BioNetProcess *****************
 Defined at:
		line 114 in file "Bio-Net.c"
 Parameters:    Size  Location     Type
		None
 Auto vars:     Size  Location     Type
  eBioNetStatu    1   14[BANK0 ] enum E2376
 Return value:  Size  Location     Type
                  1    wreg      void 
 Registers used:
		wreg, fsr0l, fsr0h, fsr1l, fsr1h, status,2, status,0, pclath, cstack
 Tracked objects:
		On entry : 
		On exit  : 
		Unchanged: 
 Data sizes:     COMMON   BANK0   BANK1
      Params:         0       0       0
      Locals:         0       1       0
      Temps:          0       3       0
      Totals:         0       4       0
Total ram usage:        4 bytes
 Hardware stack levels used:    1
 Hardware stack levels required when called:    5
 This function calls:
		_BioNetRazFlag
		_CalculChecksumAndSend
		_IsOk_CallBackRead
		_IsOk_CallBackWrite
 This function is called by:
		_main
 This function uses a non-reentrant model


 *************** function _IsOk_CallBackWrite *****************
 Defined at:
		line 80 in file "Bio-NetApp.c"
 Parameters:    Size  Location     Type
  u8VarRef        1    wreg     unsigned char 
  pu8Buffer       1    7[BANK0 ] PTR unsigned char 
		 -> tu8BioNetBuff(4), 
 Auto vars:     Size  Location     Type
  u8VarRef        1    0[COMMON] unsigned char 
  Result          1    8[BANK0 ] unsigned char 
 Return value:  Size  Location     Type
                  1    wreg      unsigned char 
 Registers used:
		wreg, status,2
 Tracked objects:
		On entry : 
		On exit  : 
		Unchanged: 
 Data sizes:     COMMON   BANK0   BANK1
      Params:         0       1       0
      Locals:         0       1       0
      Temps:          0       0       0
      Totals:         0       2       0
Total ram usage:        2 bytes
 Hardware stack levels used:    1
 Hardware stack levels required when called:    4
 This function calls:
		Nothing
 This function is called by:
		_BioNetProcess
 This function uses a non-reentrant model


 *************** function _IsOk_CallBackRead *****************
 Defined at:
		line 38 in file "Bio-NetApp.c"
 Parameters:    Size  Location     Type
  u8VarRef        1    wreg     unsigned char 
  pu8Buffer       1    7[BANK0 ] PTR unsigned char 
		 -> tu8BioNetBuff(4), 
 Auto vars:     Size  Location     Type
  u8VarRef        1   10[BANK0 ] unsigned char 
  Result          1    9[BANK0 ] unsigned char 
 Return value:  Size  Location     Type
                  1    wreg      unsigned char 
 Registers used:
		wreg, fsr1l, fsr1h, status,2, status,0
 Tracked objects:
		On entry : 
		On exit  : 
		Unchanged: 
 Data sizes:     COMMON   BANK0   BANK1
      Params:         0       1       0
      Locals:         0       2       0
      Temps:          0       1       0
      Totals:         0       4       0
Total ram usage:        4 bytes
 Hardware stack levels used:    1
 Hardware stack levels required when called:    4
 This function calls:
		Nothing
 This function is called by:
		_BioNetProcess
 This function uses a non-reentrant model


 *************** function _CalculChecksumAndSend *****************
 Defined at:
		line 365 in file "Bio-Net.c"
 Parameters:    Size  Location     Type
  u8SizeFrame     1    wreg     unsigned char 
 Auto vars:     Size  Location     Type
  u8SizeFrame     1    9[BANK0 ] unsigned char 
  index           1   10[BANK0 ] unsigned char 
  u8Check         1    8[BANK0 ] unsigned char 
 Return value:  Size  Location     Type
                  1    wreg      void 
 Registers used:
		wreg, fsr1l, fsr1h, status,2, status,0
 Tracked objects:
		On entry : 
		On exit  : 
		Unchanged: 
 Data sizes:     COMMON   BANK0   BANK1
      Params:         0       0       0
      Locals:         0       3       0
      Temps:          0       1       0
      Totals:         0       4       0
Total ram usage:        4 bytes
 Hardware stack levels used:    1
 Hardware stack levels required when called:    4
 This function calls:
		Nothing
 This function is called by:
		_BioNetProcess
 This function uses a non-reentrant model


 *************** function _BioNetRazFlag *****************
 Defined at:
		line 431 in file "Bio-Net.c"
 Parameters:    Size  Location     Type
		None
 Auto vars:     Size  Location     Type
		None
 Return value:  Size  Location     Type
                  1    wreg      void 
 Registers used:
		status,2
 Tracked objects:
		On entry : 
		On exit  : 
		Unchanged: 
 Data sizes:     COMMON   BANK0   BANK1
      Params:         0       0       0
      Locals:         0       0       0
      Temps:          0       0       0
      Totals:         0       0       0
Total ram usage:        0 bytes
 Hardware stack levels used:    1
 Hardware stack levels required when called:    4
 This function calls:
		Nothing
 This function is called by:
		_BioNetProcess
 This function uses a non-reentrant model


 *************** function _BioNetInit *****************
 Defined at:
		line 51 in file "Bio-Net.c"
 Parameters:    Size  Location     Type
		None
 Auto vars:     Size  Location     Type
		None
 Return value:  Size  Location     Type
                  1    wreg      void 
 Registers used:
		wreg, status,2, status,0
 Tracked objects:
		On entry : 
		On exit  : 
		Unchanged: 
 Data sizes:     COMMON   BANK0   BANK1
      Params:         0       0       0
      Locals:         0       0       0
      Temps:          0       1       0
      Totals:         0       1       0
Total ram usage:        1 bytes
 Hardware stack levels used:    1
 Hardware stack levels required when called:    4
 This function calls:
		Nothing
 This function is called by:
		_main
 This function uses a non-reentrant model


 *************** function _isr *****************
 Defined at:
		line 15 in file "Interrupt.c"
 Parameters:    Size  Location     Type
		None
 Auto vars:     Size  Location     Type
		None
 Return value:  Size  Location     Type
                  1    wreg      void 
 Registers used:
		wreg, fsr0l, fsr0h, fsr1l, fsr1h, status,2, status,0, pclath, cstack
 Tracked objects:
		On entry : 
		On exit  : 
		Unchanged: 
 Data sizes:     COMMON   BANK0   BANK1
      Params:         0       0       0
      Locals:         0       0       0
      Temps:          0       2       0
      Totals:         0       2       0
Total ram usage:        2 bytes
 Hardware stack levels used:    1
 Hardware stack levels required when called:    3
 This function calls:
		_BioNetRxInt
		_BioNetTxInt
		_DC24It10ms
		i1_BioNetRazFlag
 This function is called by:
		Interrupt level 1
 This function uses a non-reentrant model


 *************** function _DC24It10ms *****************
 Defined at:
		line 199 in file "DC22M_main.c"
 Parameters:    Size  Location     Type
		None
 Auto vars:     Size  Location     Type
		None
 Return value:  Size  Location     Type
                  1    wreg      void 
 Registers used:
		wreg, status,2, status,0
 Tracked objects:
		On entry : 
		On exit  : 
		Unchanged: 
 Data sizes:     COMMON   BANK0   BANK1
      Params:         0       0       0
      Locals:         0       0       0
      Temps:          1       0       0
      Totals:         1       0       0
Total ram usage:        1 bytes
 Hardware stack levels used:    1
 This function calls:
		Nothing
 This function is called by:
		_isr
 This function uses a non-reentrant model


 *************** function _BioNetTxInt *****************
 Defined at:
		line 326 in file "Bio-Net.c"
 Parameters:    Size  Location     Type
		None
 Auto vars:     Size  Location     Type
		None
 Return value:  Size  Location     Type
                  1    wreg      void 
 Registers used:
		wreg, fsr1l, fsr1h, status,2, status,0
 Tracked objects:
		On entry : 
		On exit  : 
		Unchanged: 
 Data sizes:     COMMON   BANK0   BANK1
      Params:         0       0       0
      Locals:         0       0       0
      Temps:          1       0       0
      Totals:         1       0       0
Total ram usage:        1 bytes
 Hardware stack levels used:    1
 This function calls:
		Nothing
 This function is called by:
		_isr
 This function uses a non-reentrant model


 *************** function _BioNetRxInt *****************
 Defined at:
		line 205 in file "Bio-Net.c"
 Parameters:    Size  Location     Type
		None
 Auto vars:     Size  Location     Type
  u8CharBuf       1    4[BANK0 ] unsigned char 
  u8TxFrameSiz    1    3[BANK0 ] unsigned char 
 Return value:  Size  Location     Type
                  1    wreg      void 
 Registers used:
		wreg, fsr0l, fsr0h, fsr1l, fsr1h, status,2, status,0, pclath, cstack
 Tracked objects:
		On entry : 
		On exit  : 
		Unchanged: 
 Data sizes:     COMMON   BANK0   BANK1
      Params:         0       0       0
      Locals:         0       2       0
      Temps:          0       3       0
      Totals:         0       5       0
Total ram usage:        5 bytes
 Hardware stack levels used:    1
 Hardware stack levels required when called:    2
 This function calls:
		_IsOKChecksum
		_IsOKVarIsForUs
		_pGetVafConf
		i1_BioNetRazFlag
 This function is called by:
		_isr
 This function uses a non-reentrant model


 *************** function i1_BioNetRazFlag *****************
 Defined at:
		line 431 in file "Bio-Net.c"
 Parameters:    Size  Location     Type
		None
 Auto vars:     Size  Location     Type
		None
 Return value:  Size  Location     Type
                  1    wreg      void 
 Registers used:
		status,2
 Tracked objects:
		On entry : 
		On exit  : 
		Unchanged: 
 Data sizes:     COMMON   BANK0   BANK1
      Params:         0       0       0
      Locals:         0       0       0
      Temps:          0       0       0
      Totals:         0       0       0
Total ram usage:        0 bytes
 Hardware stack levels used:    1
 This function calls:
		Nothing
 This function is called by:
		_isr
		_BioNetRxInt
 This function uses a non-reentrant model


 *************** function _pGetVafConf *****************
 Defined at:
		line 446 in file "Bio-Net.c"
 Parameters:    Size  Location     Type
  VarRef          1    wreg     unsigned char 
 Auto vars:     Size  Location     Type
  VarRef          1   12[COMMON] unsigned char 
  idx             1   13[COMMON] unsigned char 
 Return value:  Size  Location     Type
                  2    6[COMMON] PTR struct VarConfDesc
 Registers used:
		wreg, fsr0l, fsr0h, status,2, status,0, pclath, cstack
 Tracked objects:
		On entry : 
		On exit  : 
		Unchanged: 
 Data sizes:     COMMON   BANK0   BANK1
      Params:         0       0       0
      Locals:         2       0       0
      Temps:          6       0       0
      Totals:         8       0       0
Total ram usage:        8 bytes
 Hardware stack levels used:    1
 Hardware stack levels required when called:    1
 This function calls:
		___wmul
 This function is called by:
		_BioNetRxInt
 This function uses a non-reentrant model


 *************** function _IsOKVarIsForUs *****************
 Defined at:
		line 341 in file "Bio-Net.c"
 Parameters:    Size  Location     Type
  VarRef          1    wreg     unsigned char 
 Auto vars:     Size  Location     Type
  VarRef          1    8[COMMON] unsigned char 
  VarIdx          1   10[COMMON] unsigned char 
  IsManagedByO    1    9[COMMON] unsigned char 
 Return value:  Size  Location     Type
                  1    wreg      unsigned char 
 Registers used:
		wreg, fsr0l, fsr0h, status,2, status,0, pclath, cstack
 Tracked objects:
		On entry : 
		On exit  : 
		Unchanged: 
 Data sizes:     COMMON   BANK0   BANK1
      Params:         0       0       0
      Locals:         3       0       0
      Temps:          2       0       0
      Totals:         5       0       0
Total ram usage:        5 bytes
 Hardware stack levels used:    1
 Hardware stack levels required when called:    1
 This function calls:
		___wmul
 This function is called by:
		_BioNetRxInt
 This function uses a non-reentrant model


 *************** function ___wmul *****************
 Defined at:
		line 15 in file "/Applications/microchip/xc8/v1.38/sources/common/Umul16.c"
 Parameters:    Size  Location     Type
  multiplier      2    0[COMMON] unsigned int 
  multiplicand    2    2[COMMON] unsigned int 
 Auto vars:     Size  Location     Type
  product         2    4[COMMON] unsigned int 
 Return value:  Size  Location     Type
                  2    0[COMMON] unsigned int 
 Registers used:
		wreg, status,2, status,0
 Tracked objects:
		On entry : 
		On exit  : 
		Unchanged: 
 Data sizes:     COMMON   BANK0   BANK1
      Params:         4       0       0
      Locals:         2       0       0
      Temps:          0       0       0
      Totals:         6       0       0
Total ram usage:        6 bytes
 Hardware stack levels used:    1
 This function calls:
		Nothing
 This function is called by:
		_IsOKVarIsForUs
		_pGetVafConf
 This function uses a non-reentrant model


 *************** function _IsOKChecksum *****************
 Defined at:
		line 395 in file "Bio-Net.c"
 Parameters:    Size  Location     Type
  u8SizeFrame     1    wreg     unsigned char 
 Auto vars:     Size  Location     Type
  u8SizeFrame     1    3[COMMON] unsigned char 
  index           1    4[COMMON] unsigned char 
  u8Check         1    2[COMMON] unsigned char 
  u8CheckCpl      1    1[COMMON] unsigned char 
 Return value:  Size  Location     Type
                  1    wreg      unsigned char 
 Registers used:
		wreg, fsr1l, fsr1h, status,2, status,0
 Tracked objects:
		On entry : 
		On exit  : 
		Unchanged: 
 Data sizes:     COMMON   BANK0   BANK1
      Params:         0       0       0
      Locals:         4       0       0
      Temps:          1       0       0
      Totals:         5       0       0
Total ram usage:        5 bytes
 Hardware stack levels used:    1
 This function calls:
		Nothing
 This function is called by:
		_BioNetRxInt
 This function uses a non-reentrant model



MODULE INFORMATION

Module		Function		Class		Link	Load	Size
DC22M_main.c
		_DC24It10ms    		CODE           	035A	0000	23
		_main          		CODE           	017F	0000	101

DC22M_main.c estimated size: 124

Bio-Net.c
		_BioNetInit    		CODE           	03A6	0000	16
		_IsOKChecksum  		CODE           	02C2	0000	50
		_IsOKVarIsForUs		CODE           	02F3	0000	48
		_BioNetRxInt   		CODE           	00EF	0000	145
		_CalculChecksumAndSend		CODE           	025F	0000	51
		_BioNetRazFlag 		CODE           	03CF	0000	9
		_pGetVafConf   		CODE           	01E3	0000	69
		_BioNetTxInt   		CODE           	0370	0000	22
		_BioNetProcess 		CODE           	0053	0000	157

Bio-Net.c estimated size: 567

DC22M_Ana.c
		_DC22_AnaProcess		CODE           	0227	0000	57

DC22M_Ana.c estimated size: 57

/Applications/microchip/xc8/v1.38/sources/common/Umul16.c
		___wmul        		CODE           	033F	0000	28

/Applications/microchip/xc8/v1.38/sources/common/Umul16.c estimated size: 28

Hdw_Adc.c
		_Hdw_AdcIsOkReadAna		CODE           	03DF	0000	8
		_Hdw_AdcStartReadChannel		CODE           	0397	0000	16
		_Hdw_AdcReadAnaValue		CODE           	0322	0000	30
		_Hdw_AdcInit   		CODE           	03C2	0000	14

Hdw_Adc.c estimated size: 68

DC22M_HdW.c
		_DC24HdwInit   		CODE           	03F2	0000	4

DC22M_HdW.c estimated size: 4

Hdw_Uart.c
		_HdwUartInit   		CODE           	0385	0000	19

Hdw_Uart.c estimated size: 19

shared
		__initialization		CODE           	004A	0000	7
		i1_BioNetRazFlag		CODE           	03D7	0000	9
		_sBioNetConf   		STRCODE        	03B5	0000	14

shared estimated size: 30

Interrupt.c
		_isr           		CODE           	0004	0000	70

Interrupt.c estimated size: 70

Bio-NetApp.c
		_IsOk_CallBackRead		CODE           	0291	0000	50
		_IsOk_CallBackWrite		CODE           	03EC	0000	7

Bio-NetApp.c estimated size: 57

